Command line invocation:
    /Applications/Xcode.app/Contents/Developer/usr/bin/xcodebuild build -project Time.xcodeproj -scheme Time -configuration Debug

--- xcodebuild: WARNING: Using the first of multiple matching destinations:
{ platform:macOS, arch:arm64, id:00006000-000C44D13438801E, name:My Mac }
{ platform:macOS, arch:x86_64, id:00006000-000C44D13438801E, name:My Mac }
{ platform:macOS, name:Any Mac }
ComputePackagePrebuildTargetDependencyGraph

Prepare packages

CreateBuildRequest

SendProjectDescription

CreateBuildOperation

ComputeTargetDependencyGraph
note: Building targets in dependency order
note: Target dependency graph (1 target)
    Target 'Time' in project 'Time' (no dependencies)

GatherProvisioningInputs

CreateBuildDescription

ExecuteExternalTool /Applications/Xcode.app/Contents/Developer/Toolchains/XcodeDefault.xctoolchain/usr/bin/clang -v -E -dM -isysroot /Applications/Xcode.app/Contents/Developer/Platforms/MacOSX.platform/Developer/SDKs/MacOSX26.2.sdk -x c -c /dev/null

ExecuteExternalTool /Applications/Xcode.app/Contents/Developer/usr/bin/actool --version --output-format xml1

ExecuteExternalTool /Applications/Xcode.app/Contents/Developer/Toolchains/XcodeDefault.xctoolchain/usr/bin/swiftc --version

ExecuteExternalTool /Applications/Xcode.app/Contents/Developer/Toolchains/XcodeDefault.xctoolchain/usr/bin/ld -version_details

Build description signature: 1be96b5d17350035d48367302f7da6a3
Build description path: /Users/admin/Library/Developer/Xcode/DerivedData/Time-acvvaqjdloljradyxbrryjztzcrt/Build/Intermediates.noindex/XCBuildData/1be96b5d17350035d48367302f7da6a3.xcbuilddata
ClangStatCache /Applications/Xcode.app/Contents/Developer/Toolchains/XcodeDefault.xctoolchain/usr/bin/clang-stat-cache /Applications/Xcode.app/Contents/Developer/Platforms/MacOSX.platform/Developer/SDKs/MacOSX26.2.sdk /Users/admin/Library/Developer/Xcode/DerivedData/SDKStatCaches.noindex/macosx26.2-25C57-00fa09913b459cbbc988d1f6730289ae.sdkstatcache
    cd /Users/admin/xcode-projects/Time/Time.xcodeproj
    /Applications/Xcode.app/Contents/Developer/Toolchains/XcodeDefault.xctoolchain/usr/bin/clang-stat-cache /Applications/Xcode.app/Contents/Developer/Platforms/MacOSX.platform/Developer/SDKs/MacOSX26.2.sdk -o /Users/admin/Library/Developer/Xcode/DerivedData/SDKStatCaches.noindex/macosx26.2-25C57-00fa09913b459cbbc988d1f6730289ae.sdkstatcache

ProcessInfoPlistFile /Users/admin/Library/Developer/Xcode/DerivedData/Time-acvvaqjdloljradyxbrryjztzcrt/Build/Products/Debug/Time.app/Contents/Info.plist /Users/admin/Library/Developer/Xcode/DerivedData/Time-acvvaqjdloljradyxbrryjztzcrt/Build/Intermediates.noindex/Time.build/Debug/Time.build/empty-Time.plist (in target 'Time' from project 'Time')
    cd /Users/admin/xcode-projects/Time
    builtin-infoPlistUtility /Users/admin/Library/Developer/Xcode/DerivedData/Time-acvvaqjdloljradyxbrryjztzcrt/Build/Intermediates.noindex/Time.build/Debug/Time.build/empty-Time.plist -producttype com.apple.product-type.application -genpkginfo /Users/admin/Library/Developer/Xcode/DerivedData/Time-acvvaqjdloljradyxbrryjztzcrt/Build/Products/Debug/Time.app/Contents/PkgInfo -expandbuildsettings -platform macosx -additionalcontentfile /Users/admin/Library/Developer/Xcode/DerivedData/Time-acvvaqjdloljradyxbrryjztzcrt/Build/Intermediates.noindex/Time.build/Debug/Time.build/assetcatalog_generated_info.plist -o /Users/admin/Library/Developer/Xcode/DerivedData/Time-acvvaqjdloljradyxbrryjztzcrt/Build/Products/Debug/Time.app/Contents/Info.plist

CopySwiftLibs /Users/admin/Library/Developer/Xcode/DerivedData/Time-acvvaqjdloljradyxbrryjztzcrt/Build/Products/Debug/Time.app (in target 'Time' from project 'Time')
    cd /Users/admin/xcode-projects/Time
    builtin-swiftStdLibTool --copy --verbose --sign CE148BC5427A8FA29F85CF0075198A9489EF3455 --scan-executable /Users/admin/Library/Developer/Xcode/DerivedData/Time-acvvaqjdloljradyxbrryjztzcrt/Build/Products/Debug/Time.app/Contents/MacOS/Time.debug.dylib --scan-folder /Users/admin/Library/Developer/Xcode/DerivedData/Time-acvvaqjdloljradyxbrryjztzcrt/Build/Products/Debug/Time.app/Contents/Frameworks --scan-folder /Users/admin/Library/Developer/Xcode/DerivedData/Time-acvvaqjdloljradyxbrryjztzcrt/Build/Products/Debug/Time.app/Contents/PlugIns --scan-folder /Users/admin/Library/Developer/Xcode/DerivedData/Time-acvvaqjdloljradyxbrryjztzcrt/Build/Products/Debug/Time.app/Contents/Library/SystemExtensions --scan-folder /Users/admin/Library/Developer/Xcode/DerivedData/Time-acvvaqjdloljradyxbrryjztzcrt/Build/Products/Debug/Time.app/Contents/Extensions --platform macosx --toolchain /Applications/Xcode.app/Contents/Developer/Toolchains/XcodeDefault.xctoolchain --destination /Users/admin/Library/Developer/Xcode/DerivedData/Time-acvvaqjdloljradyxbrryjztzcrt/Build/Products/Debug/Time.app/Contents/Frameworks --strip-bitcode --strip-bitcode-tool /Applications/Xcode.app/Contents/Developer/Toolchains/XcodeDefault.xctoolchain/usr/bin/bitcode_strip --emit-dependency-info /Users/admin/Library/Developer/Xcode/DerivedData/Time-acvvaqjdloljradyxbrryjztzcrt/Build/Intermediates.noindex/Time.build/Debug/Time.build/SwiftStdLibToolInputDependencies.dep --filter-for-swift-os --back-deploy-swift-span

** BUILD SUCCEEDED **

